1994
Aaron 28
Abdul 994
Abel 399
Abraham 242
Abram 848
Adam 38
Adan 539
Addison 554
Adolfo 586
Adonis 796
Adrian 98
Agustin 602
Ahmad 535
Ahmed 642
Aidan 440
Akeem 696
Alan 144
Albert 209
Alberto 221
Aldo 904
Alec 109
Alejandro 106
Alek 937
Alex 50
Alexander 22
Alexandre 896
Alexandro 790
Alexis 227
Alfonso 432
Alfred 476
Alfredo 274
Ali 461
Allan 428
Allen 179
Alonso 862
Alonzo 465
Alton 841
Alvaro 561
Alvin 419
Amir 566
Amos 849
Anderson 814
Andre 148
Andreas 905
Andres 163
Andrew 10
Andy 258
Angel 104
Angelo 347
Anthony 18
Antoine 550
Anton 579
Antonio 88
Antony 874
Antwan 692
Ari 807
Aric 791
Ariel 480
Armando 226
Armani 980
Arnold 638
Aron 622
Arron 708
Arthur 248
Arturo 273
Asa 798
Asher 883
Ashley 957
Ashton 355
Aubrey 683
August 750
Augustus 866
Austen 505
Austin 17
Auston 891
Austyn 820
Avery 260
Axel 953
Baby 525
Bailey 768
Barrett 884
Barry 497
Beau 395
Ben 615
Benito 757
Benjamin 31
Bennett 662
Benny 867
Bernard 495
Bernardo 671
Billy 255
Blaine 502
Blair 842
Blaise 1000
Blake 81
Bo 758
Bobby 254
Brad 515
Braden 341
Bradford 663
Bradley 83
Bradly 764
Brady 173
Brandan 715
Branden 270
Brandon 6
Brandyn 680
Brannon 995
Brant 916
Braxton 442
Brayden 588
Brendan 129
Brenden 337
Brendon 342
Brennan 329
Brennen 666
Brent 188
Brenton 577
Bret 494
Brett 107
Brian 37
Brice 574
Brock 328
Broderick 917
Brody 472
Bronson 802
Brooks 645
Bruce 330
Bryan 66
Bryant 303
Bryce 150
Bryon 900
Bryson 468
Bryton 987
Byron 368
Cade 592
Caden 731
Cain 901
Cale 958
Caleb 60
Calvin 195
Camden 803
Cameron 52
Camron 759
Carl 204
Carlo 918
Carlos 72
Carlton 547
Carson 315
Carter 421
Casey 116
Cecil 836
Cedric 417
Cesar 178
Chad 130
Chadwick 919
Chaim 922
Chance 216
Chandler 348
Charles 43
Charlie 477
Chase 114
Chaz 563
Chester 928
Chris 484
Christian 35
Christopher 2
Clarence 456
Clark 634
Clay 354
Clayton 149
Clifford 507
Clifton 636
Clint 488
Clinton 397
Clyde 875
Coby 892
Codey 699
Codi 932
Codie 772
Cody 25
Colby 200
Cole 111
Coleman 593
Colin 124
Collin 152
Colt 655
Colten 558
Colton 121
Conner 225
Connor 59
Conor 304
Conrad 610
Cooper 438
Corbin 400
Cordell 709
Corey 73
Cornelius 629
Cortez 624
Cory 102
Coty 605
Courtney 567
Craig 198
Cristian 138
Cristobal 909
Cristopher 808
Cruz 725
Cullen 600
Curtis 170
Cyrus 765
Dakoda 950
Dakota 69
Dakotah 728
Dale 365
Dallas 222
Dallin 850
Dalton 85
Dalvin 912
Damian 215
Damien 278
Damion 496
Damon 293
Dan 799
Dana 745
Dandre 625
Dane 436
Daniel 8
Danny 231
Dante 322
Daquan 374
Darian 357
Darien 383
Darin 647
Dario 805
Darion 526
Darius 155
Darnell 467
Daron 868
Darrell 332
Darren 201
Darrian 766
Darrick 972
Darrien 923
Darrin 591
Darrion 700
Darrius 580
Darryl 372
Darwin 943
Daryl 549
Dashawn 528
Daulton 792
David 13
Davin 863
Davion 722
Davis 424
Davon 403
Davonte 582
Dawson 854
Dayton 751
Dean 314
Deandre 250
Deangelo 650
Deion 581
Dejuan 974
Demarco 951
Demarcus 453
Demario 981
Demetri 888
Demetrius 301
Demonte 959
Dennis 177
Denver 855
Denzel 335
Deon 473
Deondre 776
Deonte 482
Dequan 522
Derek 77
Derick 499
Derrick 136
Desean 982
Deshaun 821
Deshawn 408
Desmond 359
Destin 938
Devan 367
Devante 309
Deven 596
Devin 61
Devon 117
Devonta 611
Devontae 889
Devonte 279
Devyn 784
Dewayne 797
Dexter 548
Diego 237
Dillan 601
Dillion 694
Dillon 101
Dimitri 594
Dion 543
Dionte 902
Domenic 924
Dominic 128
Dominick 302
Dominique 239
Dominque 998
Don 679
Donald 132
Donavan 733
Dondre 822
Donnell 746
Donnie 747
Donovan 261
Dontae 988
Donte 475
Dorian 531
Douglas 156
Drake 339
Drew 171
Duane 648
Duncan 512
Dustin 56
Dusty 646
Dwayne 409
Dwight 540
Dylan 32
Dylon 703
Earl 518
Eddie 290
Eddy 983
Edgar 147
Edgardo 851
Edmund 913
Eduardo 113
Edward 84
Edwin 175
Efrain 516
Efren 831
Eli 305
Elias 318
Eliezer 963
Elijah 133
Eliseo 933
Elisha 793
Elliot 434
Elliott 459
Ellis 845
Elmer 788
Elvis 777
Emanuel 380
Emilio 379
Emmanuel 229
Emmett 826
Enrique 265
Eric 30
Erich 767
Erick 185
Erik 99
Erin 811
Ernest 390
Ernesto 317
Ervin 965
Esteban 378
Estevan 681
Ethan 89
Eugene 373
Evan 62
Everett 619
Ezekiel 616
Ezequiel 672
Ezra 695
Fabian 326
Felipe 420
Felix 391
Fernando 174
Fidel 787
Floyd 782
Forest 656
Forrest 217
Francesco 996
Francis 340
Francisco 120
Frank 141
Frankie 603
Franklin 349
Fred 652
Freddie 704
Freddy 585
Frederick 299
Fredrick 583
Gabriel 68
Gage 228
Galen 882
Garett 984
Garret 493
Garrett 82
Garrison 773
Garry 973
Gary 167
Gavin 256
Genaro 975
Gene 723
Geoffrey 382
George 110
Gerald 284
Gerard 649
Gerardo 230
German 658
Giancarlo 910
Gilbert 446
Gilberto 425
Gino 667
Giovanni 287
Glen 575
Glenn 410
Gonzalo 729
Gordon 552
Grady 742
Graham 393
Grant 151
Grayson 514
Greg 954
Gregorio 785
Gregory 76
Griffin 404
Guadalupe 621
Guillermo 358
Gunnar 555
Gunner 876
Gustavo 281
Guy 738
Hakeem 639
Hans 925
Harley 323
Harold 439
Harrison 218
Harry 416
Harvey 843
Hassan 707
Hayden 176
Heath 529
Hector 161
Henry 146
Herbert 673
Heriberto 686
Herman 763
Hernan 864
Holden 604
Houston 632
Howard 523
Hugh 815
Hugo 418
Humberto 537
Hunter 67
Ian 74
Ibrahim 877
Ignacio 640
Infant 752
Irvin 643
Irving 720
Isaac 103
Isaiah 169
Isaias 753
Isiah 541
Isidro 906
Ismael 371
Israel 283
Issac 589
Ivan 172
Jabari 769
Jace 568
Jack 127
Jackie 743
Jackson 166
Jacob 7
Jacoby 823
Jacques 952
Jade 760
Jaden 630
Jaime 208
Jairo 668
Jake 105
Jakob 431
Jaleel 653
Jalen 183
Jamaal 801
Jamal 240
Jamar 569
Jamarcus 735
Jamel 598
James 14
Jameson 687
Jamie 285
Jamil 744
Jamison 669
Jaquan 426
Jared 63
Jarod 774
Jaron 556
Jarred 445
Jarrett 407
Jarrod 474
Jarvis 455
Jason 46
Jasper 730
Javier 153
Javon 450
Javonte 726
Jay 262
Jayden 852
Jaylen 544
Jaylin 907
Jaylon 761
Jayson 492
Jean 608
Jeff 716
Jefferson 693
Jeffery 203
Jeffrey 55
Jerald 989
Jeremiah 158
Jeremy 47
Jermaine 427
Jerome 338
Jerrell 920
Jerrod 754
Jerry 193
Jess 885
Jesse 45
Jessie 276
Jessy 816
Jesus 80
Jevon 856
Jim 809
Jimmie 674
Jimmy 210
Joaquin 609
Jody 886
Joe 243
Joel 108
Joey 414
John 15
Johnathan 134
Johnathon 289
Johnnie 710
Johnny 165
Jon 271
Jonah 245
Jonas 711
Jonatan 990
Jonathan 23
Jonathon 154
Jordan 29
Jorden 887
Jordon 433
Jorge 112
Jose 36
Josef 794
Joseph 11
Josh 812
Joshua 4
Josiah 298
Josue 266
Jovan 691
Juan 51
Julian 140
Julien 934
Julio 220
Julius 510
Junior 786
Justen 944
Justice 466
Justin 20
Justus 844
Justyn 827
Juwan 564
Kade 688
Kadeem 828
Kaden 712
Kahlil 985
Kai 714
Kaleb 219
Kameron 415
Kane 628
Kareem 545
Karl 381
Kasey 559
Keanu 755
Keaton 481
Keegan 384
Keenan 394
Kegan 903
Keith 126
Kelby 878
Kellen 837
Kelly 513
Kelsey 825
Kelton 914
Kelvin 331
Kendal 929
Kendall 288
Kendrick 375
Kennedy 921
Kenneth 65
Kenny 387
Kent 599
Kenton 930
Kenyon 999
Keon 684
Kerry 675
Keven 770
Kevin 26
Kevon 879
Khalid 721
Khalil 530
Khari 853
Kieran 682
Kirby 946
Kirk 519
Kody 247
Kolby 713
Kole 939
Kolton 732
Korey 565
Kory 506
Kristian 443
Kristofer 606
Kristopher 211
Kurt 411
Kurtis 483
Kyle 24
Kyler 406
Ladarius 664
Lamar 527
Lamont 620
Lance 257
Landon 249
Lane 353
Larry 196
Lawrence 236
Layne 926
Lazaro 991
Lee 297
Leland 829
Leo 462
Leon 422
Leonard 369
Leonardo 376
Leonel 578
Leroy 562
Leslie 727
Lester 740
Levi 157
Lewis 487
Liam 360
Lincoln 775
Lionel 846
Lloyd 613
Logan 70
Lonnie 576
Loren 701
Lorenzo 296
Louis 206
Lucas 95
Luis 58
Lukas 435
Luke 91
Luther 992
Lyle 890
Mackenzie 366
Madison 678
Malachi 633
Malcolm 277
Male 966
Malik 308
Manuel 143
Marc 213
Marcel 641
Marco 184
Marcos 253
Marcus 75
Mario 142
Mark 48
Markel 838
Markell 830
Markus 508
Marlon 479
Marques 893
Marquez 832
Marquis 282
Marquise 447
Marshall 312
Martin 135
Marty 940
Marvin 280
Mason 125
Mathew 187
Matthew 3
Maurice 294
Mauricio 520
Maverick 976
Max 191
Maximilian 521
Maximillian 847
Maxwell 182
Melvin 352
Menachem 833
Micah 246
Michael 1
Micheal 233
Mickey 997
Miguel 94
Mikal 960
Mike 617
Mikel 869
Miles 286
Milton 623
Misael 839
Mitchel 498
Mitchell 71
Mohamed 670
Mohammad 584
Mohammed 614
Moises 401
Montana 778
Morgan 272
Morris 977
Moses 557
Moshe 717
Muhammad 865
Myles 346
Myron 762
Najee 880
Nathan 40
Nathanael 500
Nathanial 618
Nathaniel 78
Neal 612
Neil 350
Nelson 344
Nestor 631
Nicholas 9
Nick 756
Nicklaus 967
Nickolas 263
Nico 736
Nicolas 164
Nigel 478
Nikko 993
Niko 860
Nikolas 451
Noah 159
Noe 485
Noel 448
Nolan 259
Norman 572
Octavio 783
Oliver 370
Omar 145
Orion 894
Orlando 362
Oscar 123
Osvaldo 551
Otis 941
Owen 454
Pablo 327
Paris 705
Parker 238
Patrick 42
Paul 64
Payton 503
Pedro 190
Perry 536
Pete 968
Peter 87
Peyton 546
Philip 168
Phillip 131
Pierce 697
Pierre 737
Preston 192
Quentin 343
Quincy 471
Quinn 392
Quinten 789
Quintin 597
Quinton 310
Rafael 202
Raheem 517
Ralph 489
Ramiro 457
Ramon 269
Randal 947
Randall 267
Randolph 911
Randy 186
Raphael 651
Rashad 429
Rashawn 718
Rasheed 840
Raul 199
Ray 405
Raymond 115
Raymundo 676
Reece 657
Reed 444
Reese 779
Reginald 295
Reid 430
Remington 870
Rene 334
Reuben 677
Rex 824
Reynaldo 607
Rhett 771
Ricardo 119
Richard 41
Rick 637
Rickey 654
Ricky 205
Rico 800
Rigoberto 626
Riley 194
River 927
Robert 21
Roberto 162
Robin 685
Rocky 804
Roderick 486
Rodney 244
Rodolfo 388
Rodrick 935
Rodrigo 491
Rogelio 458
Roger 264
Roland 571
Rolando 463
Roman 377
Ronald 137
Ronnie 361
Rory 698
Ross 311
Roy 307
Royce 749
Ruben 181
Rudy 441
Russell 234
Rusty 858
Ryan 16
Ryder 949
Ryne 897
Sage 739
Salvador 300
Salvatore 573
Sam 412
Samir 978
Sammy 702
Samson 964
Samuel 33
Santiago 511
Santos 724
Saul 389
Savon 795
Sawyer 469
Schuyler 979
Scott 79
Sean 44
Sebastian 223
Sergio 160
Seth 90
Shane 92
Shannon 504
Shaquan 661
Shaquille 235
Shaun 324
Shawn 86
Shay 969
Shayne 570
Shea 748
Shelby 538
Sheldon 437
Shelton 945
Sherman 895
Shyheim 817
Sidney 509
Silas 871
Simon 356
Skylar 398
Skyler 214
Solomon 595
Sonny 861
Spencer 97
Spenser 986
Stanley 385
Stefan 396
Stephan 460
Stephen 49
Stephon 532
Sterling 402
Stetson 818
Steve 345
Steven 34
Stewart 734
Storm 898
Stuart 464
Syed 961
Sylvester 962
Talon 881
Tanner 96
Tariq 948
Tate 644
Tavon 931
Tayler 810
Taylor 54
Ted 834
Terence 553
Terrance 275
Terrell 336
Terrence 321
Terry 241
Tevin 207
Thaddeus 690
Theodore 292
Thomas 27
Timothy 39
Titus 908
Tobias 780
Toby 590
Todd 252
Tomas 470
Tommy 316
Tony 189
Tory 813
Trace 806
Tracy 627
Trae 915
Travis 53
Travon 587
Trayvon 859
Tre 490
Trent 268
Trenton 224
Trever 659
Trevon 363
Trevor 57
Trey 212
Tristan 452
Troy 122
Tucker 351
Turner 899
Ty 319
Tyler 5
Tylor 423
Tyquan 857
Tyree 542
Tyrell 449
Tyrin 942
Tyron 819
Tyrone 313
Tyshawn 955
Tyson 501
Ulises 706
Ulysses 936
Unknown 835
Uriel 560
Valentin 872
Vance 781
Vaughn 719
Vernon 635
Vicente 524
Victor 93
Vincent 100
Wade 413
Walker 534
Walter 251
Warren 386
Waylon 970
Wayne 333
Wendell 873
Wesley 118
Westley 971
Weston 364
Wilfredo 956
Will 660
William 19
Willie 291
Wilson 533
Winston 665
Wyatt 197
Xavier 139
Zachariah 320
Zachary 12
Zachery 180
Zackary 232
Zackery 306
Zakary 741
Zane 325
Zechariah 689
