1990
Aaron 34
Abdul 934
Abel 384
Abraham 246
Abram 920
Adam 32
Adan 548
Addison 645
Adolfo 649
Adrian 94
Agustin 627
Ahmad 562
Ahmed 721
Aidan 889
Akeem 405
Alan 125
Albert 167
Alberto 225
Alden 949
Aldo 792
Alec 271
Alejandro 126
Alex 59
Alexander 28
Alexandre 950
Alexandro 837
Alexis 334
Alfonso 423
Alfred 364
Alfredo 272
Ali 474
Allan 382
Allen 141
Alonso 805
Alonzo 476
Alphonso 806
Alton 704
Alvaro 576
Alvin 331
Amir 608
Amos 739
Anderson 881
Andre 137
Andreas 897
Andres 203
Andrew 7
Andy 275
Angel 133
Angelo 335
Anthony 15
Antione 937
Antoine 361
Anton 603
Antonio 77
Antony 832
Antwan 534
Antwon 668
Ari 862
Aric 693
Ariel 482
Armando 229
Arnold 559
Aron 600
Arron 673
Arsenio 742
Arthur 196
Arturo 259
Asa 799
Ashley 656
Ashton 365
Aubrey 711
August 846
Austen 705
Austin 55
Avery 492
Axel 898
Baby 610
Barrett 696
Barry 348
Beau 337
Ben 514
Benito 795
Benjamin 33
Bennett 674
Bennie 872
Benny 714
Bernard 430
Bernardo 764
Bill 992
Billy 214
Blaine 400
Blair 580
Blake 91
Bo 602
Bobby 185
Brad 362
Braden 485
Bradford 579
Bradley 65
Bradly 635
Brady 315
Brandan 746
Branden 300
Brandon 19
Brandyn 807
Brant 775
Braxton 715
Brendan 155
Brenden 518
Brendon 451
Brennan 383
Brennen 899
Brent 127
Brenton 469
Bret 418
Brett 84
Brian 27
Brice 529
Brittany 996
Britton 938
Brock 257
Broderick 890
Brody 796
Bronson 687
Brooks 681
Bruce 240
Bruno 993
Bryan 57
Bryant 204
Bryce 169
Bryon 708
Bryson 550
Byron 265
Cade 885
Cale 921
Caleb 88
Calvin 173
Camden 955
Cameron 62
Camron 762
Carey 858
Carl 145
Carlo 838
Carlos 75
Carlton 425
Carson 456
Carter 551
Cary 817
Casey 89
Cassidy 922
Cecil 664
Cedric 377
Cedrick 828
Cesar 199
Chad 85
Chadwick 594
Chaim 893
Chance 316
Chandler 486
Channing 951
Charles 38
Charlie 422
Chase 110
Chauncey 952
Chaz 448
Chester 676
Chris 449
Christian 60
Christopher 2
Clarence 373
Clark 537
Claude 833
Clay 444
Clayton 153
Clifford 346
Clifton 473
Clint 375
Clinton 201
Clyde 638
Coby 986
Codey 800
Codie 930
Cody 31
Colby 244
Cole 248
Coleman 787
Colin 122
Collin 239
Colt 768
Colten 619
Colton 139
Conner 628
Connor 221
Conor 459
Conrad 621
Cooper 706
Corbin 426
Cordell 749
Corey 56
Cornelius 487
Cornell 962
Cortez 533
Cortney 931
Cory 67
Coty 447
Courtney 356
Craig 116
Cristian 417
Cristobal 923
Cristopher 743
Cruz 717
Cullen 788
Curtis 120
Cyrus 829
Dakota 194
Dale 285
Dallas 391
Dalton 193
Damian 322
Damien 332
Damion 675
Damon 321
Dan 660
Dana 532
Dandre 747
Dane 336
Dangelo 839
Daniel 5
Danny 162
Dante 366
Daquan 709
Daren 886
Darian 631
Darien 841
Darin 530
Dario 783
Darion 859
Darius 152
Darnell 353
Daron 849
Darrel 772
Darrell 245
Darren 200
Darrick 818
Darrin 509
Darrius 569
Darryl 255
Darwin 910
Daryl 440
Dashawn 731
Dave 924
David 6
Davin 969
Davis 597
Davon 479
Dayton 876
Dean 286
Deandre 276
Deangelo 454
Dejuan 790
Demarco 801
Demarcus 442
Demario 667
Demetrius 290
Dennis 129
Denzel 445
Deon 549
Deontae 979
Deonte 615
Dereck 778
Derek 54
Derick 412
Derik 732
Deron 863
Derrek 956
Derrell 900
Derrick 106
Deshawn 481
Desmond 287
Devan 493
Deven 730
Devin 98
Devon 151
Dewayne 647
Dexter 376
Diego 308
Dillon 184
Dion 526
Dionte 970
Domingo 823
Dominic 189
Dominick 393
Dominique 207
Dominque 723
Don 553
Donald 87
Donavan 803
Donnell 652
Donnie 545
Donny 980
Donovan 299
Donta 903
Dontae 735
Donte 424
Dorian 520
Douglas 103
Drake 538
Drew 160
Duane 521
Duncan 737
Dustin 50
Dusty 643
Dwayne 307
Dwight 446
Dylan 83
Earl 403
Earnest 850
Eddie 232
Eddy 925
Edgar 143
Edgardo 779
Edmund 819
Eduardo 149
Edward 68
Edwardo 987
Edwin 170
Efrain 539
Efren 773
Eli 363
Elias 360
Eliezer 997
Elijah 243
Eliseo 963
Elisha 957
Elliot 369
Elliott 358
Ellis 758
Elmer 698
Elton 964
Elvin 935
Elvis 718
Emanuel 372
Emerson 906
Emilio 438
Emmanuel 218
Emmett 965
Enrique 263
Eric 24
Erich 719
Erick 223
Erik 96
Erin 654
Ernest 283
Ernesto 310
Ervin 840
Esteban 414
Estevan 720
Ethan 58
Eugene 312
Evan 71
Everett 556
Ezekiel 625
Ezequiel 765
Ezra 763
Fabian 325
Federico 945
Felipe 427
Felix 368
Fernando 179
Fidel 804
Floyd 641
Forrest 420
Francesco 834
Francis 284
Francisco 115
Frank 109
Frankie 494
Franklin 298
Fred 498
Freddie 574
Freddy 542
Frederick 252
Fredrick 468
Gabriel 100
Gage 359
Galen 766
Garett 912
Garret 506
Garrett 99
Garrick 636
Garrison 958
Garry 769
Gary 114
Gavin 294
Genaro 994
Gene 618
Geoffrey 249
George 79
Gerald 211
Gerard 527
Gerardo 254
German 616
Giancarlo 911
Gilbert 341
Gilberto 431
Gino 789
Giovanni 329
Glen 464
Glenn 296
Gonzalo 770
Gordon 471
Grady 774
Graham 397
Grant 183
Grayson 669
Greg 712
Gregg 914
Greggory 864
Gregorio 808
Gregory 51
Griffin 601
Guadalupe 611
Guillermo 396
Gustavo 343
Guy 565
Hakeem 612
Hans 745
Harley 590
Harold 324
Harrison 279
Harry 370
Harvey 707
Hassan 733
Hayden 378
Heath 461
Hector 156
Henry 138
Herbert 531
Heriberto 682
Herman 637
Hernan 939
Holden 756
Houston 728
Howard 404
Hugh 736
Hugo 415
Humberto 512
Hunter 219
Ian 70
Ibrahim 877
Ignacio 599
Infant 389
Ira 835
Irvin 613
Irving 685
Isaac 132
Isaiah 206
Isaias 811
Isiah 433
Isidro 913
Ismael 413
Israel 317
Issac 606
Ivan 178
Jabari 907
Jace 552
Jack 166
Jackie 629
Jackson 319
Jacob 20
Jacoby 908
Jacques 797
Jade 830
Jaime 215
Jairo 677
Jake 140
Jakob 578
Jamaal 670
Jamal 247
Jamar 421
Jamarcus 812
Jamel 519
James 8
Jameson 661
Jamie 227
Jamil 744
Jamison 662
Jan 915
Jaquan 755
Jared 63
Jarod 634
Jaron 496
Jarred 411
Jarrell 981
Jarret 882
Jarrett 380
Jarrod 318
Jarvis 435
Jason 47
Jasper 614
Javier 157
Javon 535
Jay 217
Jayson 499
Jean 522
Jedidiah 971
Jeff 644
Jefferson 710
Jeffery 136
Jeffrey 43
Jeffry 946
Jerad 851
Jerald 809
Jered 926
Jerel 860
Jeremey 982
Jeremiah 154
Jeremy 40
Jermaine 306
Jerod 780
Jerome 264
Jeromy 983
Jerrell 691
Jerrod 568
Jerry 147
Jess 694
Jesse 48
Jessica 865
Jessie 231
Jessy 760
Jesus 90
Jim 688
Jimmie 554
Jimmy 171
Joaquin 598
Jody 699
Joe 212
Joel 95
Joey 352
John 12
Johnathan 108
Johnathon 251
Johnnie 561
Johnny 130
Jon 216
Jonah 653
Jonas 776
Jonathan 17
Jonathon 124
Jordan 29
Jorden 866
Jordon 349
Jorge 117
Jory 998
Jose 41
Josef 786
Joseph 10
Josh 700
Joshua 4
Josiah 354
Josue 292
Jovan 622
Juan 61
Julian 123
Julien 953
Julio 195
Julius 402
Junior 831
Justen 726
Justin 9
Justine 972
Kadeem 540
Kai 928
Kaleb 305
Kalvin 940
Kameron 462
Kareem 575
Karl 295
Kasey 457
Keaton 592
Keegan 500
Keenan 392
Keenen 988
Kegan 916
Keith 80
Kelby 932
Kellen 658
Kelly 351
Kelsey 729
Kelvin 288
Ken 857
Kendal 887
Kendall 289
Kendell 909
Kendrick 339
Kenneth 52
Kenny 432
Kent 488
Kenton 867
Keon 820
Kerry 483
Keven 984
Kevin 23
Kevon 878
Khalil 852
Khiry 648
Kiefer 854
Kirby 784
Kirk 347
Kody 304
Kolby 821
Korey 436
Kory 386
Kraig 973
Kristian 570
Kristofer 543
Kristoffer 989
Kristopher 165
Kurt 274
Kurtis 410
Kwame 582
Kyle 18
Kyler 623
Ladarius 750
Lamar 350
Lamont 571
Lance 181
Landon 326
Lane 558
Laquan 824
Laron 868
Larry 144
Laurence 936
Lawrence 174
Lazaro 990
Lee 213
Leland 609
Leo 477
Leon 390
Leonard 291
Leonardo 416
Leonel 617
Leroy 443
Leslie 585
Lester 632
Levi 182
Lewis 399
Liam 605
Lincoln 855
Lionel 665
Lloyd 490
Logan 104
Lonnie 508
Loren 630
Lorenzo 309
Louie 844
Louis 168
Lucas 112
Luis 66
Lukas 528
Luke 118
Luther 767
Lyle 633
Mackenzie 524
Madison 847
Malachi 959
Malcolm 241
Malcom 873
Male 701
Malik 557
Manuel 134
Marc 163
Marcel 560
Marcelo 974
Marco 226
Marcos 273
Marcus 72
Mario 119
Marion 883
Mark 46
Markus 501
Marlin 966
Marlon 458
Marques 813
Marquez 874
Marquis 258
Marquise 555
Marshall 280
Martell 975
Martez 785
Martin 113
Marty 781
Marvin 237
Mason 208
Mathew 148
Matthew 3
Maurice 205
Mauricio 547
Max 172
Maximilian 684
Maxwell 188
Melvin 278
Micah 238
Michael 1
Micheal 175
Michel 894
Mickey 836
Miguel 101
Mike 507
Mikel 757
Mikhail 967
Miles 269
Milton 566
Misael 999
Mitchel 572
Mitchell 93
Mohamed 740
Mohammad 604
Mohammed 678
Moises 467
Monte 901
Morgan 277
Morris 761
Moses 588
Moshe 702
Mychal 825
Mykel 869
Myles 428
Myron 679
Najee 941
Nathan 44
Nathanael 523
Nathanial 650
Nathaniel 86
Neal 460
Neil 261
Nelson 281
Nestor 626
Nicholas 14
Nick 671
Nickolas 268
Nico 620
Nicolas 187
Nigel 573
Nikko 904
Niko 777
Nikolas 472
Noah 228
Noe 541
Noel 394
Nolan 302
Norman 470
Octavio 695
Oliver 371
Omar 159
Orlando 314
Oscar 135
Osvaldo 639
Otis 697
Owen 453
Pablo 357
Paris 659
Parker 342
Patrick 36
Paul 49
Payton 895
Pedro 197
Perry 455
Pete 782
Peter 74
Peyton 947
Philip 111
Phillip 81
Pierce 891
Pierre 495
Preston 198
Prince 917
Quentin 338
Quincy 502
Quinn 517
Quinten 861
Quintin 504
Quinton 297
Rafael 202
Raheem 771
Rakeem 942
Ralph 385
Ramiro 478
Ramon 250
Randal 722
Randall 192
Randolph 672
Randy 131
Raphael 465
Rashaad 918
Rashad 355
Rashawn 724
Rasheed 933
Raul 210
Ray 328
Raymond 92
Raymundo 826
Reece 791
Reed 655
Reese 896
Reggie 943
Reginald 230
Reid 544
Remington 927
Rene 303
Reuben 583
Rex 663
Reynaldo 536
Rhett 842
Ricardo 121
Richard 35
Rick 510
Rickey 503
Ricky 176
Rico 584
Rigoberto 640
Riley 311
Robbie 751
Robert 13
Roberto 150
Robin 595
Rocco 870
Rocky 657
Roderick 387
Rodney 180
Rodolfo 401
Rodrick 827
Rodrigo 511
Rogelio 439
Roger 209
Roland 505
Rolando 497
Roman 374
Ron 738
Ronald 97
Ronnie 262
Ronny 976
Roosevelt 856
Rory 513
Ross 190
Roy 236
Royce 703
Ruben 177
Rudolph 848
Rudy 388
Russell 142
Rusty 607
Ryan 11
Ryne 624
Salvador 293
Salvatore 567
Sam 395
Samir 948
Sammy 586
Samson 919
Samuel 45
Santiago 563
Santos 748
Saul 409
Scott 53
Scotty 727
Sean 37
Sebastian 320
Sergio 161
Seth 102
Shane 73
Shannon 429
Shaun 224
Shawn 69
Shay 960
Shayne 484
Shea 683
Shelby 525
Sheldon 441
Shelton 814
Sherman 793
Sidney 515
Silas 968
Simon 379
Skylar 466
Skyler 301
Solomon 689
Sonny 651
Spencer 105
Spenser 686
Stacey 875
Stacy 822
Stanley 313
Stefan 367
Stephan 406
Stephen 39
Stephon 591
Sterling 463
Steve 267
Steven 25
Stevie 802
Stewart 593
Stuart 344
Sylvester 713
Talon 929
Tanner 220
Tate 1000
Tavon 985
Taylor 64
Ted 642
Teddy 794
Terence 452
Terrance 235
Terrell 282
Terrence 256
Terry 164
Tevin 381
Thaddeus 581
Theodore 233
Thomas 26
Timmy 871
Timothy 30
Titus 879
Tobias 725
Toby 577
Todd 158
Tom 692
Tomas 491
Tommie 892
Tommy 270
Tony 146
Torey 991
Torrey 977
Tory 666
Trace 978
Tracy 516
Travis 42
Travon 853
Tremaine 954
Trent 253
Trenton 266
Trever 752
Trevon 843
Trevor 76
Trey 345
Tristan 330
Troy 128
Tucker 475
Ty 437
Tyler 21
Tylor 546
Tyree 564
Tyrel 961
Tyrell 450
Tyron 716
Tyrone 260
Tyson 407
Ulises 798
Ulysses 753
Unknown 741
Uriel 690
Valentin 902
Van 880
Vance 646
Vaughn 754
Vernon 489
Vicente 587
Victor 82
Vince 888
Vincent 78
Virgil 810
Wade 323
Walker 845
Wallace 905
Walter 191
Warren 340
Waylon 995
Wayne 242
Wendell 680
Wesley 107
Westley 734
Weston 398
Wilbert 944
Wilfredo 759
Will 589
William 16
Willie 222
Willis 815
Wilson 480
Winston 596
Wyatt 408
Xavier 186
Zachariah 327
Zachary 22
Zachery 234
Zackary 333
Zackery 419
Zakary 884
Zane 434
Zechariah 816
