1996
Aaron 34
Abdul 947
Abdullah 974
Abel 387
Abraham 227
Abram 878
Adam 39
Adan 512
Addison 544
Adolfo 644
Adonis 830
Adrian 92
Agustin 613
Ahmad 520
Ahmed 572
Aidan 258
Aiden 824
Akeem 902
Alan 144
Albert 231
Alberto 236
Alden 914
Aldo 713
Alec 117
Alejandro 107
Alek 953
Alex 54
Alexander 22
Alexandre 967
Alexandro 826
Alexis 180
Alfonso 442
Alfred 496
Alfredo 273
Ali 424
Allan 481
Allen 212
Alonso 765
Alonzo 509
Alton 948
Alvaro 576
Alvin 451
Amir 536
Amos 982
Anderson 808
Andre 172
Andreas 908
Andres 161
Andrew 10
Andy 235
Anfernee 597
Angel 102
Angelo 333
Anthony 19
Antoine 558
Anton 720
Antonio 80
Antony 775
Antwan 730
Ari 791
Aric 821
Ariel 463
Armand 949
Armando 222
Armani 738
Arnold 681
Aron 575
Arron 772
Arthur 276
Arturo 265
Asa 846
Asher 776
Ashton 327
Aubrey 742
August 709
Augustus 942
Austen 423
Austin 9
Auston 894
Austyn 629
Avery 251
Axel 859
Baby 637
Bailey 200
Barrett 909
Barry 552
Beau 425
Ben 580
Benito 755
Benjamin 29
Bennett 565
Benny 801
Bernard 566
Bernardo 725
Billy 286
Blaine 506
Blaise 977
Blake 84
Bo 769
Bobby 289
Brad 499
Braden 277
Bradford 727
Bradley 83
Bradly 841
Brady 176
Braeden 827
Brandan 701
Branden 288
Brandon 8
Brandyn 757
Branson 998
Brant 957
Braxton 397
Brayan 843
Brayden 388
Braydon 892
Brendan 131
Brenden 293
Brendon 349
Brennan 297
Brennen 655
Brennon 924
Brent 226
Brenton 573
Bret 545
Brett 110
Brian 36
Brice 600
Brock 299
Broderick 822
Brody 395
Bronson 847
Brooks 662
Bruce 364
Bruno 999
Bryan 66
Bryant 308
Bryce 120
Bryon 968
Bryson 351
Byron 410
Cade 493
Caden 633
Cain 958
Cale 915
Caleb 48
Calvin 183
Camden 684
Cameron 49
Camron 786
Carl 250
Carlo 885
Carlos 67
Carlton 616
Carson 275
Carter 243
Casey 142
Cecil 884
Cedric 399
Cedrick 920
Cesar 170
Chad 160
Chadwick 983
Chaim 860
Chance 154
Chandler 157
Charles 43
Charlie 476
Chase 76
Chaz 601
Chris 414
Christian 24
Christopher 4
Clarence 528
Clark 641
Clay 370
Clayton 149
Clifford 539
Clifton 695
Clint 611
Clinton 516
Clyde 959
Coby 731
Codey 788
Codie 886
Cody 31
Colby 225
Cole 106
Coleman 547
Colin 126
Collin 115
Colt 669
Colten 500
Colton 105
Conner 199
Connor 53
Conor 318
Conrad 673
Cooper 362
Corbin 419
Cordell 595
Corey 94
Cornelius 675
Cortez 732
Cory 143
Coty 784
Courtney 657
Craig 247
Cristian 130
Cristobal 950
Cristopher 751
Cruz 715
Cullen 518
Curtis 191
Cyrus 733
Dakoda 932
Dakota 58
Dakotah 835
Dale 412
Dallas 233
Dallin 779
Dalton 99
Dalvin 975
Damian 214
Damien 313
Damion 486
Damon 279
Dan 828
Dana 861
Dandre 537
Dane 435
Dangelo 389
Daniel 11
Danny 245
Dante 283
Daquan 441
Darian 420
Darien 548
Darin 686
Dario 960
Darion 617
Darius 182
Darnell 507
Daron 984
Darrell 383
Darren 253
Darrian 895
Darrin 671
Darrion 758
Darrius 646
Darryl 431
Daryl 609
Dashawn 574
David 13
Davin 893
Davion 687
Davis 409
Davon 464
Davonte 679
Dawson 759
Dayton 623
Dean 312
Deandre 269
Deangelo 490
Deion 411
Dejuan 925
Demarco 862
Demarcus 511
Demetrius 338
Dennis 203
Denver 903
Denzel 472
Deon 513
Deondre 802
Deonta 1000
Deonte 491
Dequan 682
Derek 101
Derick 563
Derrick 169
Deshaun 803
Deshawn 453
Desmond 375
Destin 794
Devan 421
Devante 357
Deven 540
Devin 59
Devon 127
Devonta 702
Devontae 928
Devonte 356
Devyn 614
Dewayne 873
Dexter 585
Diego 218
Dillan 688
Dillion 817
Dillon 121
Dimitri 766
Dion 560
Dionte 933
Domenic 926
Dominic 135
Dominick 290
Dominik 985
Dominique 345
Don 694
Donald 158
Donavan 763
Donnell 848
Donnie 804
Donovan 246
Dontae 719
Donte 436
Dorian 517
Douglas 181
Drake 305
Draven 852
Drew 163
Duane 692
Duncan 444
Dustin 78
Dusty 760
Dwayne 459
Dwight 636
Dylan 33
Dyllan 986
Dylon 810
Earl 571
Easton 842
Eddie 319
Eddy 939
Edgar 148
Edgardo 940
Edmund 978
Eduardo 123
Edward 95
Edwin 196
Efrain 527
Efren 789
Eli 309
Elias 292
Eliezer 943
Elijah 81
Eliseo 910
Elisha 697
Elliot 477
Elliott 501
Ellis 780
Elmer 723
Elvis 781
Emanuel 352
Emerson 987
Emilio 337
Emmanuel 211
Emmett 863
Enrique 228
Eric 35
Erich 856
Erick 188
Erik 122
Erin 916
Ernest 438
Ernesto 334
Ervin 904
Esteban 339
Estevan 685
Ethan 62
Eugene 450
Evan 65
Everett 618
Ezekiel 521
Ezequiel 561
Ezra 556
Fabian 328
Felipe 447
Felix 380
Fernando 178
Fidel 818
Floyd 961
Forrest 492
Francesco 969
Francis 386
Francisco 132
Frank 162
Frankie 627
Franklin 350
Fred 652
Freddie 756
Freddy 569
Frederick 325
Fredrick 586
Gabriel 61
Gage 201
Galen 917
Garett 850
Garret 479
Garrett 85
Garrison 752
Gary 202
Gavin 192
Gene 838
Geoffrey 503
George 118
Gerald 322
Gerard 761
Gerardo 205
German 647
Giancarlo 990
Gilbert 465
Gilberto 460
Gino 753
Giovanni 237
Glen 649
Glenn 455
Gonzalo 790
Gordon 549
Grady 831
Graham 404
Grant 119
Grayson 401
Gregorio 857
Gregory 98
Greyson 811
Griffin 281
Guadalupe 631
Guillermo 353
Gunnar 553
Gunner 812
Gustavo 296
Guy 767
Hakeem 680
Harley 390
Harold 440
Harrison 209
Harry 456
Harvey 962
Hassan 737
Hayden 168
Heath 642
Hector 173
Henry 139
Herbert 745
Heriberto 762
Herman 796
Hernan 813
Holden 567
Houston 635
Howard 589
Hudson 650
Hugh 768
Hugo 432
Humberto 543
Hunter 47
Ian 70
Ibrahim 743
Ignacio 659
Infant 750
Irvin 608
Irving 889
Isaac 86
Isai 899
Isaiah 71
Isaias 612
Ishmael 927
Isiah 365
Ismael 335
Israel 264
Issac 522
Ivan 166
Jabari 825
Jace 466
Jack 89
Jackie 785
Jackson 136
Jacob 3
Jacoby 867
Jacques 941
Jade 836
Jaden 519
Jaime 230
Jair 887
Jairo 696
Jake 114
Jakob 381
Jaleel 744
Jalen 221
Jamaal 954
Jamal 282
Jamar 663
Jamarcus 814
Jamel 667
James 17
Jameson 710
Jamie 354
Jamil 868
Jamison 716
Jaquan 449
Jared 64
Jarod 721
Jaron 640
Jarred 468
Jarrett 372
Jarrod 531
Jarvis 593
Jason 41
Jasper 660
Javier 153
Javon 417
Javonte 773
Jay 287
Jayce 934
Jayden 606
Jaylan 963
Jaylen 495
Jaylin 664
Jaylon 603
Jayson 454
Jean 683
Jeff 881
Jefferson 693
Jeffery 255
Jeffrey 72
Jeremiah 164
Jeremy 56
Jermaine 427
Jerome 393
Jerrod 815
Jerry 194
Jess 912
Jesse 51
Jessie 300
Jessy 896
Jesus 74
Jim 874
Jimmie 741
Jimmy 223
Joaquin 591
Jody 979
Joe 267
Joel 124
Joey 461
John 15
Johnathan 138
Johnathon 301
Johnnie 749
Johnny 193
Jon 315
Jonah 197
Jonas 570
Jonatan 918
Jonathan 21
Jonathon 171
Jordan 27
Jorden 869
Jordon 433
Jorge 113
Jose 32
Josef 823
Joseph 12
Josh 849
Joshua 5
Josiah 240
Josue 254
Jovan 764
Juan 52
Jude 935
Julian 129
Julien 754
Julio 213
Julius 510
Junior 734
Justen 955
Justice 320
Justin 20
Justus 665
Justyn 792
Juwan 489
Kade 554
Kaden 530
Kahlil 735
Kai 599
Kaleb 186
Kameron 344
Kane 658
Kareem 596
Karl 448
Kasey 559
Keagan 991
Keanu 619
Keaton 429
Keegan 330
Keenan 396
Keion 870
Keith 159
Kellen 739
Kelly 551
Kelsey 929
Kelton 799
Kelvin 358
Kendal 992
Kendall 359
Kendrick 407
Kennedy 839
Kenneth 77
Kenny 408
Kent 651
Kenton 936
Keon 714
Kerry 797
Keshawn 705
Keven 871
Kevin 26
Kevon 805
Keyshawn 782
Khalid 829
Khalil 348
Kieran 624
Killian 911
Kirby 970
Kirk 594
Kody 270
Kolby 674
Kole 882
Kolton 555
Kordell 993
Korey 604
Kory 557
Kristian 384
Kristofer 717
Kristopher 239
Kurt 457
Kurtis 541
Kyle 25
Kyler 311
Ladarius 704
Lamar 605
Lamont 711
Lance 268
Landon 216
Lane 261
Larry 219
Lawrence 256
Layne 708
Lazaro 980
Lee 343
Leland 913
Leo 482
Leon 458
Leonard 416
Leonardo 402
Leonel 562
Leroy 598
Leslie 819
Lester 844
Levi 165
Lewis 494
Liam 184
Lincoln 897
Lionel 972
Lloyd 728
Logan 42
Lonnie 672
Loren 890
Lorenzo 274
Louis 234
Lucas 93
Luciano 905
Luis 57
Lukas 382
Luke 75
Mackenzie 469
Madison 638
Malachi 505
Malcolm 314
Malik 97
Manuel 145
Marc 232
Marcel 626
Marcelo 875
Marco 174
Marcos 224
Marcus 87
Mario 147
Mark 55
Markel 937
Markus 588
Marlon 470
Marques 690
Marquez 703
Marquis 295
Marquise 418
Marshall 310
Martin 152
Marvin 307
Mason 104
Mateo 698
Mathew 204
Matthew 2
Maurice 324
Mauricio 488
Maverick 845
Max 208
Maximilian 497
Maximillian 832
Maxwell 177
Melvin 400
Menachem 944
Micah 210
Michael 1
Micheal 262
Mickey 864
Miguel 91
Mike 534
Mikel 840
Miles 317
Milton 620
Misael 770
Mitchel 568
Mitchell 88
Mohamed 615
Mohammad 514
Mohammed 582
Moises 403
Montana 777
Montel 994
Morgan 244
Moses 533
Moshe 634
Muhammad 774
Myles 366
Myron 851
Najee 921
Nasir 965
Nathan 37
Nathanael 473
Nathanial 628
Nathaniel 69
Neal 639
Neil 405
Nelson 377
Nestor 689
Nicholas 6
Nick 837
Nickolas 263
Nico 872
Nicolas 151
Nigel 524
Niko 901
Nikolas 394
Noah 50
Noe 485
Noel 437
Nolan 257
Norman 648
Octavio 645
Oliver 385
Omar 140
Orion 787
Orlando 367
Oscar 125
Osvaldo 498
Owen 278
Pablo 331
Paris 746
Parker 179
Patrick 44
Paul 79
Payton 406
Pedro 198
Perry 583
Pete 995
Peter 96
Peyton 336
Philip 185
Phillip 150
Pierce 584
Pierre 853
Preston 189
Quentin 284
Quincy 487
Quinn 332
Quinten 676
Quintin 542
Quinton 302
Raekwon 483
Rafael 215
Raheem 625
Ralph 504
Ramiro 452
Ramon 280
Randall 321
Randolph 981
Randy 206
Raphael 656
Raquan 879
Rashad 502
Rashawn 771
Rasheed 800
Raul 207
Ray 484
Raymond 133
Raymundo 706
Reagan 930
Reece 653
Reed 422
Reese 736
Reginald 323
Reid 443
Reilly 919
Remington 854
Rene 368
Reuben 729
Rex 938
Reynaldo 677
Rhett 610
Ricardo 128
Richard 45
Rick 724
Rickey 726
Ricky 248
Rico 945
Rigoberto 654
Riley 146
River 632
Robert 23
Roberto 175
Robin 809
Rocky 922
Roderick 535
Rodney 266
Rodolfo 415
Rodrick 996
Rodrigo 378
Rogelio 471
Roger 285
Rohan 880
Roland 578
Rolando 523
Roman 363
Romello 923
Romeo 973
Ronald 156
Ronnie 391
Rory 678
Ross 271
Roy 346
Royce 806
Ruben 190
Rudy 478
Russell 260
Ryan 16
Ryne 891
Sage 581
Salvador 303
Salvatore 602
Sam 430
Sammy 793
Samuel 30
Santiago 508
Santos 712
Saul 304
Sawyer 525
Scott 108
Seamus 876
Sean 46
Sebastian 195
Sergio 167
Seth 103
Shamar 865
Shane 112
Shannon 577
Shaquan 951
Shaquille 661
Shaun 371
Shawn 111
Shayne 607
Shea 883
Shelby 590
Sheldon 475
Shelton 971
Shemar 906
Sidney 529
Silas 740
Simeon 900
Simon 342
Skylar 373
Skyler 217
Solomon 538
Sonny 888
Spencer 109
Spenser 946
Stanley 426
Stefan 480
Stephan 532
Stephen 60
Stephon 546
Sterling 462
Steve 369
Steven 38
Stewart 833
Stone 699
Storm 952
Stuart 564
Sydney 988
Syed 964
Talon 718
Tanner 90
Tarik 855
Tariq 807
Tate 587
Tavon 778
Tayler 898
Taylor 82
Ted 956
Teddy 976
Terence 668
Terrance 340
Terrell 361
Terrence 376
Terry 259
Tevin 434
Thaddeus 722
Theodore 294
Thomas 28
Timothy 40
Titus 877
Tobias 747
Toby 550
Todd 298
Tom 997
Tomas 439
Tommy 306
Tony 229
Trace 748
Tracy 700
Travis 73
Travon 621
Trayvon 966
Tre 630
Trent 252
Trenton 187
Trever 707
Trevon 360
Trevor 63
Trey 238
Tristan 68
Tristen 249
Tristian 592
Tristin 374
Triston 341
Troy 155
Trystan 795
Tucker 326
Turner 834
Ty 242
Tyler 7
Tylor 467
Tyquan 820
Tyree 474
Tyrell 413
Tyron 798
Tyrone 355
Tyshawn 866
Tyson 445
Ulises 643
Ulysses 816
Uriel 515
Valentin 907
Vance 858
Vaughn 931
Vernon 670
Vicente 579
Victor 100
Vincent 116
Wade 398
Walker 446
Walter 272
Warren 428
Waylon 989
Wayne 392
Wesley 137
Weston 379
Will 622
William 18
Willie 329
Wilson 526
Winston 666
Wyatt 134
Xavier 141
Zachariah 347
Zachary 14
Zachery 220
Zackary 241
Zackery 316
Zakary 783
Zane 291
Zechariah 691
