1992
Aaron 30
Abdul 980
Abel 370
Abraham 254
Adam 36
Adan 498
Addison 634
Adolfo 677
Adrian 96
Agustin 618
Ahmad 579
Ahmed 724
Aidan 633
Akeem 562
Alan 129
Albert 205
Alberto 225
Aldo 836
Alec 172
Alejandro 113
Alex 54
Alexander 23
Alexandre 987
Alexandro 882
Alexis 331
Alfonso 420
Alfred 403
Alfredo 274
Ali 477
Allan 385
Allen 166
Alonso 829
Alonzo 506
Alphonso 983
Alton 769
Alvaro 576
Alvin 369
Amir 651
Amos 791
Anderson 852
Andre 140
Andreas 916
Andres 186
Andrew 5
Andy 252
Angel 114
Angelo 334
Anthony 19
Antoine 446
Anton 695
Antonio 85
Antony 844
Antwan 610
Antwon 727
Ari 845
Aric 720
Ariel 472
Armand 988
Armando 233
Arnold 577
Arnulfo 996
Aron 555
Arron 667
Arthur 218
Arturo 268
Asa 846
Asher 966
Ashley 806
Ashton 391
Aubrey 711
August 814
Augustus 891
Austen 639
Austin 38
Avery 461
Axel 908
Baby 559
Bailey 989
Barrett 885
Barry 459
Beau 392
Ben 536
Benito 739
Benjamin 33
Bennett 671
Benny 722
Bernard 418
Bernardo 824
Bill 898
Billy 230
Blaine 438
Blair 652
Blake 84
Bo 622
Bobby 221
Brad 462
Braden 412
Bradford 628
Bradley 72
Bradly 707
Brady 238
Brandan 658
Branden 251
Brandon 6
Brandyn 640
Brannon 990
Brant 937
Braxton 648
Brayden 792
Brendan 144
Brenden 433
Brendon 363
Brennan 367
Brennen 777
Brent 160
Brenton 541
Bret 466
Brett 97
Brian 31
Brice 584
Britton 943
Brock 306
Broderick 903
Brody 612
Bronson 762
Brooks 672
Bruce 291
Bryan 57
Bryant 261
Bryce 175
Bryon 770
Bryson 510
Byron 314
Cade 827
Caden 870
Cale 863
Caleb 74
Calvin 194
Camden 878
Cameron 53
Camron 818
Carey 961
Carl 182
Carlo 914
Carlos 69
Carlton 480
Carson 357
Carter 451
Cary 967
Casey 105
Cassidy 991
Cecil 742
Cedric 407
Cedrick 968
Cesar 195
Chad 108
Chadwick 705
Chaim 922
Chance 329
Chandler 409
Channing 886
Charles 43
Charlie 452
Chase 116
Chaz 511
Chester 725
Chris 471
Christian 35
Christopher 2
Clarence 429
Clark 623
Claude 887
Clay 483
Clayton 167
Clifford 415
Clifton 538
Clint 396
Clinton 211
Clyde 732
Coby 879
Codey 681
Codi 856
Codie 712
Cody 24
Colby 197
Cole 143
Coleman 649
Colin 127
Collin 187
Colt 691
Colten 571
Colter 997
Colton 134
Conner 296
Connor 80
Conor 290
Conrad 624
Cooper 546
Corbin 393
Cordell 917
Corey 65
Cornelius 542
Cortez 592
Cory 83
Coty 406
Courtney 489
Coy 998
Craig 154
Cristian 272
Cristopher 767
Cruz 801
Cullen 600
Curtis 142
Cyrus 729
Dakota 103
Dakotah 883
Dale 340
Dallas 299
Dalton 121
Dalvin 931
Damian 262
Damien 308
Damion 580
Damon 284
Dan 715
Dana 627
Dandre 682
Dane 410
Daniel 7
Danny 190
Dante 360
Daquan 605
Darian 547
Darien 616
Darin 601
Dario 873
Darion 749
Darius 164
Darnell 419
Daron 841
Darrel 944
Darrell 293
Darren 227
Darrin 566
Darrius 590
Darryl 321
Darwin 956
Daryl 488
Dashawn 586
Davante 802
Dave 976
David 10
Davin 847
Davion 853
Davis 513
Davon 449
Davonta 918
Davonte 491
Dayton 984
Dean 315
Deandre 277
Deangelo 534
Deante 900
Deion 751
Dejon 977
Dejuan 938
Demarco 774
Demarcus 469
Demario 782
Demetri 778
Demetrius 281
Dennis 150
Denver 992
Denzel 330
Denzell 832
Deon 527
Deonta 839
Deonte 523
Dequan 874
Dereck 919
Derek 62
Derick 486
Derik 904
Deron 969
Derrick 120
Deshaun 950
Deshawn 444
Desmond 265
Devan 397
Devante 199
Deven 604
Devin 75
Devon 123
Devonta 569
Devontae 708
Devonte 226
Dewayne 662
Dexter 474
Diego 301
Dillan 553
Dillion 539
Dillon 73
Dimitri 502
Dion 528
Dionte 825
Domenic 999
Domingo 923
Dominic 137
Dominick 317
Dominique 180
Dominque 674
Domonique 901
Don 602
Donald 110
Donavan 704
Donavon 1000
Dondre 854
Donnell 723
Donnie 641
Donovan 243
Donta 970
Dontae 815
Donte 421
Dorian 524
Douglas 126
Drake 425
Drew 181
Duane 563
Duncan 642
Dustin 58
Dusty 884
Dwayne 352
Dwight 495
Dylan 28
Dyllan 807
Dylon 643
Earl 458
Earnest 909
Eddie 259
Eddy 819
Edgar 149
Edgardo 692
Edmund 880
Eduardo 132
Edward 70
Edwin 177
Efrain 521
Efren 826
Eli 350
Elias 341
Elijah 203
Eliseo 910
Elisha 902
Elliot 404
Elliott 399
Ellis 765
Elmer 687
Elvin 924
Elvis 750
Emanuel 365
Emerson 993
Emilio 386
Emmanuel 224
Emmett 803
Enrique 271
Eric 26
Erich 730
Erick 222
Erik 98
Erin 796
Ernest 337
Ernesto 313
Ervin 735
Erwin 978
Esteban 389
Estevan 685
Ethan 76
Eugene 338
Evan 66
Everett 594
Ezekiel 636
Ezequiel 787
Ezra 793
Fabian 339
Felipe 414
Felix 346
Fernando 170
Fidel 840
Floyd 740
Forest 820
Forrest 316
Francis 318
Francisco 118
Frank 125
Frankie 556
Franklin 311
Fred 573
Freddie 619
Freddy 525
Frederick 275
Fredrick 507
Gabriel 86
Gage 335
Galen 866
Garett 932
Garret 442
Garrett 88
Garrick 920
Garrison 892
Garry 810
Garth 659
Gary 139
Gavin 266
Gene 655
Geoffrey 312
George 95
Gerald 244
Gerard 630
Gerardo 228
German 664
Giancarlo 945
Gilbert 378
Gilberto 423
Gino 637
Giovanni 300
Glen 526
Glenn 342
Gonzalo 733
Gordon 503
Grady 808
Graham 401
Grant 165
Grayson 620
Greg 794
Gregorio 828
Gregory 60
Griffin 561
Guadalupe 661
Guillermo 361
Gunnar 746
Gustavo 307
Guy 615
Hakeem 731
Hans 799
Harley 408
Harold 355
Harrison 282
Harry 366
Harvey 809
Hassan 857
Hayden 248
Heath 544
Hector 156
Henry 141
Herbert 587
Heriberto 717
Herman 699
Hernan 804
Holden 693
Houston 747
Howard 467
Hugh 830
Hugo 379
Humberto 520
Hunter 135
Ian 68
Ignacio 613
Infant 565
Ira 951
Irvin 543
Irving 647
Isaac 124
Isaiah 212
Isaias 783
Isiah 512
Isidro 925
Ismael 381
Israel 297
Issac 653
Ivan 151
Jabari 738
Jace 550
Jack 155
Jackie 701
Jackson 223
Jacob 15
Jacoby 728
Jacques 895
Jade 779
Jaime 215
Jairo 713
Jake 119
Jakob 481
Jaleel 721
Jalen 377
Jamaal 683
Jamal 242
Jamar 493
Jamarcus 789
Jamel 582
James 9
Jameson 719
Jamie 249
Jamil 743
Jamison 654
Jaquan 585
Jared 67
Jarod 755
Jaron 485
Jarred 439
Jarrell 946
Jarrett 447
Jarrod 384
Jarvis 490
Jason 46
Jasper 666
Javier 152
Javon 499
Javonte 684
Jay 236
Jayson 492
Jean 533
Jeff 697
Jefferson 710
Jeffery 176
Jeffrey 51
Jerald 867
Jered 981
Jerel 957
Jeremiah 161
Jeremy 47
Jermaine 349
Jerod 926
Jerome 298
Jerrell 771
Jerrod 688
Jerry 183
Jess 875
Jesse 50
Jessie 273
Jessy 756
Jesus 78
Jevon 911
Jim 744
Jimmie 635
Jimmy 200
Joaquin 631
Jody 896
Joe 220
Joel 100
Joey 402
John 14
Johnathan 122
Johnathon 279
Johnnie 632
Johnny 153
Jon 240
Jonah 694
Jonas 905
Jonathan 21
Jonathon 136
Jordan 32
Jordon 405
Jorge 109
Jose 37
Josef 821
Joseph 11
Josh 775
Joshua 4
Josiah 324
Josue 285
Jovan 644
Juan 56
Julian 133
Julien 871
Julio 201
Julius 453
Junior 780
Justen 927
Justice 822
Justin 18
Justyn 933
Juwan 962
Kadeem 581
Kai 837
Kaleb 280
Kalen 939
Kameron 398
Kareem 548
Karl 336
Kasey 501
Keaton 522
Keegan 454
Keenan 362
Kegan 790
Keith 102
Kelby 855
Kellen 797
Kelly 417
Kelsey 805
Kelvin 319
Kendall 322
Kendrick 351
Kenneth 59
Kenny 437
Kent 529
Kenton 915
Keon 773
Kerry 608
Keven 888
Kevin 25
Kevon 899
Khalil 660
Kieran 971
Kirby 741
Kirk 430
Kody 253
Kolby 706
Kolton 838
Korey 531
Kory 470
Kristian 448
Kristofer 567
Kristopher 189
Kurt 344
Kurtis 460
Kwame 947
Kyle 22
Kyler 487
Ladarius 665
Lamar 445
Lamont 551
Lance 204
Landon 276
Lane 597
Laquan 949
Laron 979
Larry 173
Laurence 972
Lawrence 192
Lazaro 963
Lee 255
Leland 696
Leo 464
Leon 388
Leonard 327
Leonardo 382
Leonel 570
Leroy 494
Leslie 702
Lester 668
Levi 168
Lewis 413
Liam 593
Lincoln 848
Lionel 748
Lloyd 552
Logan 89
Lonnie 540
Loren 645
Lorenzo 333
Louis 193
Lucas 106
Luis 64
Lukas 457
Luke 93
Luther 906
Lyle 757
Mackenzie 411
Madison 781
Malachi 784
Malcolm 206
Malcom 766
Malik 395
Manuel 131
Marc 213
Marcel 558
Marcelo 985
Marco 198
Marcos 263
Marcus 82
Mario 128
Marion 934
Mark 49
Markus 514
Marlon 475
Marques 921
Marquez 811
Marquis 295
Marquise 549
Marshall 304
Martez 776
Martin 117
Marty 958
Marvin 245
Mason 148
Mathew 174
Matthew 3
Maurice 246
Mauricio 496
Max 171
Maximilian 611
Maximillian 959
Maxwell 169
Melvin 325
Micah 241
Michael 1
Micheal 207
Mickey 833
Miguel 90
Mike 545
Mikel 850
Miles 283
Milton 560
Misael 812
Mitchel 609
Mitchell 91
Mohamed 734
Mohammad 588
Mohammed 678
Moises 424
Montel 893
Montrell 940
Morgan 287
Morris 868
Moses 572
Moshe 813
Muhammad 907
Myles 390
Myron 680
Najee 928
Nathan 44
Nathanael 497
Nathanial 617
Nathaniel 79
Neal 508
Neil 323
Nelson 320
Nestor 598
Nicholas 12
Nick 689
Nickolas 267
Nico 614
Nicolas 179
Nigel 516
Nikko 889
Niko 890
Nikolas 478
Noah 219
Noe 537
Noel 434
Nolan 247
Norman 504
Octavio 709
Oliver 359
Omar 145
Orlando 356
Oscar 130
Osvaldo 656
Otis 851
Owen 476
Pablo 332
Paris 625
Parker 256
Patrick 39
Paul 55
Payton 638
Pedro 188
Perry 519
Pete 952
Peter 81
Peyton 763
Philip 138
Phillip 107
Pierce 726
Pierre 603
Preston 202
Prince 948
Quentin 364
Quincy 505
Quinn 450
Quinten 982
Quintin 583
Quinton 353
Rafael 208
Raheem 509
Rakeem 772
Ralph 441
Ramiro 456
Ramon 250
Randal 859
Randall 235
Randolph 788
Randy 158
Raphael 578
Rashad 416
Rashawn 690
Rasheed 864
Raul 209
Ray 394
Raymond 104
Raymundo 800
Reece 700
Reed 530
Reese 798
Reginald 234
Reid 455
Remington 953
Rene 328
Reuben 670
Rex 718
Reynaldo 606
Rhett 758
Ricardo 115
Richard 40
Rick 575
Rickey 564
Ricky 191
Rico 675
Rigoberto 599
Riley 264
Robbie 858
Robert 17
Roberto 159
Robin 596
Rocco 941
Rocky 752
Roderick 431
Rodney 210
Rodolfo 383
Rodrick 881
Rodrigo 468
Rogelio 435
Roger 214
Roland 535
Rolando 500
Roman 374
Ron 912
Ronald 112
Ronnie 309
Roosevelt 960
Rory 626
Ross 231
Roy 286
Royce 736
Ruben 178
Rudolph 994
Rudy 387
Russell 185
Rusty 816
Ryan 13
Ryne 676
Sage 745
Salvador 292
Salvatore 557
Sam 400
Samir 973
Sammy 629
Samuel 41
Santiago 517
Santos 753
Saul 375
Sawyer 595
Scott 61
Scotty 768
Sean 42
Sebastian 229
Sergio 157
Seth 94
Shane 77
Shannon 465
Shaquille 426
Shaun 288
Shawn 71
Shayne 554
Shea 785
Shelby 473
Sheldon 380
Shelton 876
Sherman 795
Sidney 518
Silas 817
Simon 348
Skylar 463
Skyler 258
Solomon 646
Sonny 754
Spencer 99
Spenser 831
Stacey 986
Stacy 869
Stanley 343
Stefan 376
Stephan 436
Stephen 45
Stephon 663
Sterling 440
Stetson 942
Steve 302
Steven 29
Stevie 865
Stewart 679
Storm 894
Stuart 427
Talon 842
Tanner 101
Tariq 929
Tate 686
Tavon 930
Tayler 860
Taylor 52
Ted 759
Teddy 954
Terence 482
Terrance 232
Terrell 310
Terrence 270
Terry 196
Tevin 162
Thaddeus 657
Theodore 260
Theron 995
Thomas 27
Timmy 877
Timothy 34
Titus 834
Tobias 835
Toby 607
Todd 216
Tom 861
Tomas 484
Tommy 303
Tony 163
Tory 716
Trace 955
Tracy 591
Trae 823
Travis 48
Travon 669
Tre 428
Trent 257
Trenton 239
Trever 698
Trevon 515
Trevor 63
Trey 269
Tristan 371
Troy 146
Tucker 443
Ty 345
Tyler 8
Tylor 422
Tyquan 964
Tyree 479
Tyrel 935
Tyrell 354
Tyron 849
Tyrone 289
Tyshawn 936
Tyson 532
Ulises 760
Ulysses 862
Unknown 843
Uriel 589
Van 974
Vance 673
Vaughn 761
Vernon 568
Vicente 574
Victor 87
Vince 975
Vincent 92
Wade 347
Walker 737
Wallace 897
Walter 217
Warren 358
Waylon 913
Wayne 294
Wendell 764
Wesley 111
Westley 872
Weston 372
Wilfredo 786
Will 650
William 20
Willie 237
Willis 965
Wilson 432
Winston 621
Wyatt 368
Xavier 147
Zachariah 305
Zachary 16
Zachery 184
Zackary 278
Zackery 326
Zakary 714
Zane 373
Zechariah 703
